2026-09-01 20:33:03 [info] : [Platform Server] Creating platform platform  output stream finished - platform. 
2026-09-01 20:33:57 [info] : [Platform Server] Generate platform output stream finished - platform. 
2026-09-01 20:35:34 [info] : [Platform Server] Generate platform output stream finished - platform. 
2026-09-01 20:35:37 [info] : [Build Server] Build output stream finished - lwip_echo_server::. 
2026-09-01 20:36:14 [info] : [Debug Manager] Successfully verified the target connection used  Local 
2026-09-01 20:36:14 [info] : [Debug Manager] Starting launch in 'run' mode using configuration: {"type":"tcf-debug","request":"launch","name":"lwip_echo_server_app_hw_1","debugType":"baremetal-zynq","attachToRunningTargetOptions":{"targetSetupMode":"standalone","executeScript":true,"scriptPath":""},"autoAttachProcessChildren":false,"target":{"targetConnectionId":"Local","peersIniPath":"../../_ide/.peers.ini","context":"zynq"},"pathMap":[],"targetSetup":{"resetSystem":true,"programDevice":true,"resetAPU":false,"bitstreamFile":"${workspaceFolder}\\lwip_echo_server\\_ide\\bitstream\\design_1_wrapper.bit","zynqInitialization":{"isFsbl":false,"usingFSBL":{"initWithFSBL":true,"fsblFile":"${workspaceFolder}\\platform\\export\\platform\\sw\\boot\\fsbl.elf","fsblExitSymbol":"FsblHandoffJtagExit"},"usingPs7Init":{"runPs7Init":true,"runPs7PostInit":true,"ps7InitTclFile":"${workspaceFolder}\\lwip_echo_server\\_ide\\psinit\\ps7_init.tcl"}},"downloadElf":[{"core":"ps7_cortexa9_0","resetProcessor":true,"elfFile":"${workspaceFolder}\\lwip_echo_server\\build\\lwip_echo_server.elf","stopAtEntry":false}],"crossTriggerBreakpoints":{"isSelected":false,"breakpoints":[]}},"internalConsoleOptions":"openOnSessionStart","__configUri":"file:///d%3A/Ethernet_Communication_Project/eproject_1/sw/lwip_echo_server/_ide/launch.json"} 
2026-09-01 20:36:14 [info] : [Debug Manager] Disabling breakpoints in the tool to enable run mode for 'lwip_echo_server_app_hw_1 [lwip_echo_server]'. 
2026-09-01 20:36:14 [info] : [Debug Manager] Launch session has started on the configuration 'lwip_echo_server_app_hw_1 [lwip_echo_server]' 
2026-09-01 20:41:55 [info] : [Platform Server] Generate platform output stream finished - platform. 
2026-09-01 20:41:57 [info] : [Build Server] Build output stream finished - lwip_echo_server::. 
2026-09-01 20:42:46 [info] : [Platform Server] Generate platform output stream finished - platform. 
2026-09-01 20:42:47 [info] : [Build Server] Build output stream finished - lwip_echo_server::. 
2026-09-01 20:43:11 [info] : [Platform Server] Generate platform output stream finished - platform. 
2026-09-01 20:43:12 [info] : [Build Server] Build output stream finished - lwip_echo_server::. 
2026-09-01 20:43:41 [info] : [Platform Server] Generate platform output stream finished - platform. 
2026-09-01 20:43:42 [info] : [Build Server] Build output stream finished - lwip_echo_server::. 
2026-09-01 20:44:26 [info] : [Platform Server] Generate platform output stream finished - platform. 
2026-09-01 20:44:27 [info] : [Build Server] Build output stream finished - lwip_echo_server::. 
2026-09-01 20:44:31 [info] : [Debug Manager] Launch session has terminated on the configuration 'lwip_echo_server_app_hw_1 [lwip_echo_server]' 
2026-09-01 20:44:31 [info] : [Debug Manager] Enabling breakpoints after running the application using 'lwip_echo_server_app_hw_1 [lwip_echo_server]'. 
2026-09-01 20:44:40 [info] : [Platform Server] Generate platform output stream finished - platform. 
2026-09-01 20:44:41 [info] : [Build Server] Build output stream finished - lwip_echo_server::. 
2026-09-07 18:43:02 [info] : [Platform Server] Generate platform output stream finished - platform. 
2026-09-07 18:43:04 [info] : [Build Server] Build output stream finished - lwip_echo_server::. 
2026-09-07 19:01:04 [info] : [Platform Server] Generate platform output stream finished - platform. 
2026-09-07 19:01:14 [info] : [Platform Server] Generate platform output stream finished - platform. 
2026-09-07 19:01:15 [info] : [Build Server] Build output stream finished - lwip_echo_server::. 
2026-09-07 19:03:41 [info] : [Debug Manager] Successfully verified the target connection used  Local 
2026-09-07 19:03:41 [info] : [Debug Manager] Starting launch in 'run' mode using configuration: {"type":"tcf-debug","request":"launch","name":"lwip_echo_server_app_hw_1","debugType":"baremetal-zynq","attachToRunningTargetOptions":{"targetSetupMode":"standalone","executeScript":true,"scriptPath":""},"autoAttachProcessChildren":false,"target":{"targetConnectionId":"Local","peersIniPath":"../../_ide/.peers.ini","context":"zynq"},"pathMap":[],"targetSetup":{"resetSystem":true,"programDevice":true,"resetAPU":false,"bitstreamFile":"${workspaceFolder}\\lwip_echo_server\\_ide\\bitstream\\design_1_wrapper.bit","zynqInitialization":{"isFsbl":false,"usingFSBL":{"initWithFSBL":true,"fsblFile":"${workspaceFolder}\\platform\\export\\platform\\sw\\boot\\fsbl.elf","fsblExitSymbol":"FsblHandoffJtagExit"},"usingPs7Init":{"runPs7Init":true,"runPs7PostInit":true,"ps7InitTclFile":"${workspaceFolder}\\lwip_echo_server\\_ide\\psinit\\ps7_init.tcl"}},"downloadElf":[{"core":"ps7_cortexa9_0","resetProcessor":true,"elfFile":"${workspaceFolder}\\lwip_echo_server\\build\\lwip_echo_server.elf","stopAtEntry":false}],"crossTriggerBreakpoints":{"isSelected":false,"breakpoints":[]}},"internalConsoleOptions":"openOnSessionStart","__configUri":"file:///d%3A/Ethernet_Communication_Project/eproject_1/sw/lwip_echo_server/_ide/launch.json"} 
2026-09-07 19:03:41 [info] : [Debug Manager] Disabling breakpoints in the tool to enable run mode for 'lwip_echo_server_app_hw_1 [lwip_echo_server]'. 
2026-09-07 19:03:41 [info] : [Debug Manager] Launch session has started on the configuration 'lwip_echo_server_app_hw_1 [lwip_echo_server]' 
